"""
This is the test file for the class BaseGeometry.
"""

>>> BaseGeometry = __import__('7-base_geometry').BaseGeometry

>>> bg = BaseGeometry()

>>> bg.integer_validator("age", 10)

>>> try:
...     bg.integer_validator("flag", True)
... except Exception as e:
...     print("[{}] {}".format(e.__class__.__name__, e))
[TypeError] flag must be an integer

>>> try:
...    bg.integer_validator("distance", -5)
... except Exception as e:
...    print("[{}] {}".format(e.__class__.__name__, e))
[ValueError] distance must be greater than 0

>>> try:
...    bg.integer_validator("num", 0)
... except Exception as e:
...    print("[{}] {}".format(e.__class__.__name__, e))
[ValueError] num must be greater than 0

>>> try:
...    bg.integer_validator("name", "Delphine")
... except Exception as e:
...    print("[{}] {}".format(e.__class__.__name__, e))
[TypeError] name must be an integer

>>> try:
...     bg.integer_validator("age", 0)
... except Exception as e:
...     print("[{}] {}".format(e.__class__.__name__, e))
[ValueError] age must be greater than 0

>>> try:
...     bg.integer_validator("distance", -4)
... except Exception as e:
...     print("[{}] {}".format(e.__class__.__name__, e))
[ValueError] distance must be greater than 0